Hurlo serving C:\Users\Tate\Downloads\Hurlo
  http://127.0.0.1:8123  (static + cross-origin isolation)
  ws://127.0.0.1:8123/wisp/  (proxy relay)
[wisp] stream 1: connected reelix.ac:443
[wisp] stream 2: connected google.com:443
[wisp] stream 3: connected www.google.com:443
[wisp] stream 4: connected fonts.gstatic.com:443
[wisp] stream 5: connected fonts.gstatic.com:443
[wisp] stream 6: connected fonts.gstatic.com:443
[wisp] stream 7: connected www.gstatic.com:443
[wisp] stream 8: connected www.gstatic.com:443
[wisp] stream 9: connected ogads-pa.clients6.google.com:443
[wisp] stream 10: connected play.google.com:443
[wisp] stream 11: connected youtube.com:443
[wisp] stream 12: connected www.youtube.com:443
[wisp] stream 13: connected i.ytimg.com:443
[wisp] stream 14: connected fonts.googleapis.com:443
[wisp] stream 15: connected accounts.google.com:443
[wisp] stream 16: connected googleads.g.doubleclick.net:443
[wisp] stream 17: connected yt3.ggpht.com:443
[wisp] stream 18: connected yt3.ggpht.com:443
[wisp] stream 19: connected yt3.ggpht.com:443
[wisp] stream 20: connected duckduckgo.com:443
[wisp] stream 21: connected links.duckduckgo.com:443
[wisp] stream 22: connected improving.duckduckgo.com:443
[wisp] stream 23: connected improving.duckduckgo.com:443
[wisp] stream 24: connected external-content.duckduckgo.com:443
[wisp] stream 25: connected external-content.duckduckgo.com:443
[wisp] stream 26: connected external-content.duckduckgo.com:443
[wisp] stream 27: connected external-content.duckduckgo.com:443
[wisp] stream 28: connected external-content.duckduckgo.com:443
[wisp] stream 29: connected external-content.duckduckgo.com:443
[wisp] stream 30: connected external-content.duckduckgo.com:443
[wisp] stream 31: connected external-content.duckduckgo.com:443
[wisp] stream 32: connected fmhy.net:443
[wisp] stream 33: connected static.cloudflareinsights.com:443
[wisp] stream 34: connected raw.githubusercontent.com:443
[wisp] stream 35: connected cloudflareinsights.com:443
[wisp] stream 36: connected www.googleadservices.com:443
[wisp] stream 37: connected www.googletagmanager.com:443
[wisp] stream 38: connected www.googletagmanager.com:443
[wisp] stream 39: connected ep1.adtrafficquality.google:443
[wisp] stream 40: connected ep2.adtrafficquality.google:443
[wisp] stream 41: connected pagead2.googlesyndication.com:443
[wisp] stream 42: connected encrypted-tbn0.gstatic.com:443
[wisp] stream 43: connected encrypted-tbn0.gstatic.com:443
[wisp] stream 44: connected encrypted-tbn0.gstatic.com:443
[wisp] stream 45: connected encrypted-tbn2.gstatic.com:443
[wisp] stream 46: connected encrypted-tbn0.gstatic.com:443
[wisp] stream 47: connected encrypted-tbn2.gstatic.com:443
[wisp] stream 48: connected encrypted-tbn1.gstatic.com:443
[wisp] stream 49: connected image.tmdb.org:443
[wisp] stream 50: connected image.tmdb.org:443
[wisp] stream 51: connected image.tmdb.org:443
[wisp] stream 52: connected image.tmdb.org:443
[wisp] stream 53: connected image.tmdb.org:443
[wisp] stream 54: connected image.tmdb.org:443
[wisp] stream 55: connected image.tmdb.org:443
[wisp] stream 56: connected image.tmdb.org:443
[wisp] stream 57: connected monochrome.st:443
[wisp] stream 58: connected plausible.canine.tools:443
[wisp] stream 59: connected auth.monochrome.st:443
[wisp] stream 60: connected rustrak-api.edideaur.works:443
[wisp] stream 61: connected auth.tidal.com:443
[wisp] stream 62: connected artists.artistgrid.cx:443
[wisp] stream 63: connected tracks.monochrome.st:443
[wisp] stream 64: connected api.github.com:443
[wisp] stream 1: connected reelix.ac:443
